[2m10:18:02 PM[22m [36m[1m[vite][22m[39m [90m[2m(client)[22m[39m Re-optimizing dependencies because vite config has changed

  [32m[1mVITE[22m v6.4.3[39m  [2mready in [0m[1m301[22m[2m[0m ms[22m

  [32m➜[39m  [1mLocal[22m:   [36mhttp://127.0.0.1:[1m10471[22m/[39m
[33mAssets in public directory cannot be imported from JavaScript.
If you intend to import that asset, put the file in the src directory, and use [36m/src/templates/defaults/shibustart.json[33m instead of [36m/public/templates/defaults/shibustart.json[33m.
If you intend to use the URL of that asset, use [36m/templates/defaults/shibustart.json?url[33m.[39m
[33mAssets in public directory cannot be imported from JavaScript.
If you intend to import that asset, put the file in the src directory, and use [36m/src/templates/defaults/shibustart.json[33m instead of [36m/public/templates/defaults/shibustart.json[33m.
If you intend to use the URL of that asset, use [36m/templates/defaults/shibustart.json?url[33m.[39m
[33mAssets in public directory cannot be imported from JavaScript.
If you intend to import that asset, put the file in the src directory, and use [36m/src/templates/defaults/shibustart.json[33m instead of [36m/public/templates/defaults/shibustart.json[33m.
If you intend to use the URL of that asset, use [36m/templates/defaults/shibustart.json?url[33m.[39m
[33mAssets in public directory cannot be imported from JavaScript.
If you intend to import that asset, put the file in the src directory, and use [36m/src/templates/defaults/shibustart.json[33m instead of [36m/public/templates/defaults/shibustart.json[33m.
If you intend to use the URL of that asset, use [36m/templates/defaults/shibustart.json?url[33m.[39m
[33mAssets in public directory cannot be imported from JavaScript.
If you intend to import that asset, put the file in the src directory, and use [36m/src/templates/defaults/shibustart.json[33m instead of [36m/public/templates/defaults/shibustart.json[33m.
If you intend to use the URL of that asset, use [36m/templates/defaults/shibustart.json?url[33m.[39m
[33mAssets in public directory cannot be imported from JavaScript.
If you intend to import that asset, put the file in the src directory, and use [36m/src/templates/defaults/shibustart.json[33m instead of [36m/public/templates/defaults/shibustart.json[33m.
If you intend to use the URL of that asset, use [36m/templates/defaults/shibustart.json?url[33m.[39m
[33mAssets in public directory cannot be imported from JavaScript.
If you intend to import that asset, put the file in the src directory, and use [36m/src/templates/defaults/shibustart.json[33m instead of [36m/public/templates/defaults/shibustart.json[33m.
If you intend to use the URL of that asset, use [36m/templates/defaults/shibustart.json?url[33m.[39m
