studio fermé : .studio-close
points : [{"nom":"départ","i":0,"lat":45.92358,"lon":6.86917,"ele":1036,"km":0},{"nom":"arrivée","i":2334,"lat":45.92356,"lon":6.86949,"ele":1035,"km":86.5},{"nom":"col 1","i":298,"lat":45.93391,"lon":6.8369,"ele":2485,"km":9.9},{"nom":"col 2","i":1520,"lat":46.03118,"lon":6.96642,"ele":2316,"km":53.1},{"nom":"col 3","i":2061,"lat":45.92847,"lon":6.9126,"ele":2209,"km":75.7}]
  z10 départ   alt=3683 m  crop=DANS  écran=true  vérité=(720,596)  tracé le + proche : 0.0 px = 0 m  (sommet produit : 3.3 px = 23 m, Δr=-16.6 m)  pixels=71657 bruit=0  6.9 m/px  h=globe
  z10 arrivée  alt=3789 m  crop=DANS  écran=true  vérité=(720,598)  tracé le + proche : 0.0 px = 0 m  (sommet produit : 0.4 px = 3 m, Δr=2.2 m)  pixels=68518 bruit=0  7.1 m/px  h=globe
  z10 col 1    alt=3905 m  crop=DANS  écran=true  vérité=(720,344)  tracé le + proche : 21.2 px = 135.4 m  (sommet produit : 74.6 px = 476.3 m, Δr=288.2 m)  pixels=39486 bruit=0  6.4 m/px  h=globe
  z10 col 2    alt=3810 m  crop=DANS  écran=true  vérité=(720,345)  tracé le + proche : 41.2 px = 257.2 m  (sommet produit : 35 px = 218.6 m, Δr=134.9 m)  pixels=53135 bruit=0  6.2 m/px  h=globe
  z10 col 3    alt=3691 m  crop=DANS  écran=true  vérité=(720,369)  tracé le + proche : 35.4 px = 216.5 m  (sommet produit : 36.3 px = 222.1 m, Δr=138.8 m)  pixels=39116 bruit=0  6.1 m/px  h=globe
  z11 départ   alt=3694 m  crop=DANS  écran=true  vérité=(720,705)  tracé le + proche : 0.0 px = 0 m  (sommet produit : 0.8 px = 5.7 m, Δr=-4.4 m)  pixels=31218 bruit=0  7.2 m/px  h=globe
  z11 arrivée  alt=3680 m  crop=DANS  écran=true  vérité=(720,706)  tracé le + proche : 0.0 px = 0 m  (sommet produit : 0.7 px = 5.3 m, Δr=-4.1 m)  pixels=31407 bruit=0  7.2 m/px  h=globe
  z11 col 1    alt=3811 m  crop=DANS  écran=true  vérité=(720,383)  tracé le + proche : 10.6 px = 65.7 m  (sommet produit : 42 px = 259.5 m, Δr=162.9 m)  pixels=17855 bruit=0  6.2 m/px  h=globe
  z11 col 2    alt=4067 m  crop=DANS  écran=true  vérité=(720,420)  tracé le + proche : 26.2 px = 175.8 m  (sommet produit : 23.9 px = 159.8 m, Δr=103.4 m)  pixels=24324 bruit=0  6.7 m/px  h=globe
  z11 col 3    alt=3685 m  crop=DANS  écran=true  vérité=(720,488)  tracé le + proche : 26.2 px = 164.9 m  (sommet produit : 23 px = 144.8 m, Δr=97.2 m)  pixels=19771 bruit=0  6.3 m/px  h=globe
  z12 départ   alt=3786 m  crop=DANS  écran=false  vérité=(720,761)  tracé le + proche : —  (sommet produit : 0.2 px = 1.3 m, Δr=1.0 m)  pixels=13816 bruit=0  7.6 m/px  h=globe
  z12 arrivée  alt=3955 m  crop=DANS  écran=false  vérité=(720,752)  tracé le + proche : —  (sommet produit : 0.2 px = 1.9 m, Δr=1.5 m)  pixels=13339 bruit=0  7.8 m/px  h=globe
  z12 col 1    alt=4011 m  crop=DANS  écran=true  vérité=(720,381)  tracé le + proche : 1.0 px = 6.4 m  (sommet produit : 0.9 px = 6 m, Δr=3.8 m)  pixels=9589 bruit=0  6.4 m/px  h=globe
  z12 col 2    alt=3914 m  crop=DANS  écran=true  vérité=(720,465)  tracé le + proche : 12.7 px = 82.9 m  (sommet produit : 9.7 px = 63.2 m, Δr=42.2 m)  pixels=12188 bruit=0  6.5 m/px  h=globe
  z12 col 3    alt=4085 m  crop=DANS  écran=true  vérité=(720,543)  tracé le + proche : 9.0 px = 63.8 m  (sommet produit : 5.4 px = 38.1 m, Δr=26.6 m)  pixels=10004 bruit=0  7.1 m/px  h=globe
  z13 départ   alt=3826 m  crop=DANS  écran=true  vérité=(720,667)  tracé le + proche : 0.0 px = 0 m  (sommet produit : 0.4 px = 2.7 m, Δr=2.0 m)  pixels=9647 bruit=0  7.1 m/px  h=globe
  z13 arrivée  alt=3866 m  crop=DANS  écran=true  vérité=(720,666)  tracé le + proche : 0.0 px = 0 m  (sommet produit : 0.4 px = 2.7 m, Δr=2.0 m)  pixels=9533 bruit=0  7.2 m/px  h=globe
  z13 col 1    alt=3681 m  crop=DANS  écran=true  vérité=(720,302)  tracé le + proche : 1.4 px = 8 m  (sommet produit : 0.6 px = 3.3 m, Δr=2.0 m)  pixels=4848 bruit=0  5.6 m/px  h=globe
  z13 col 2    alt=3694 m  crop=DANS  écran=true  vérité=(720,441)  tracé le + proche : 13.5 px = 81.1 m  (sommet produit : 10.6 px = 64.1 m, Δr=42.2 m)  pixels=7545 bruit=0  6.0 m/px  h=globe
  z13 col 3    alt=3688 m  crop=DANS  écran=true  vérité=(720,489)  tracé le + proche : 2.2 px = 13.8 m  (sommet produit : 0.5 px = 2.9 m, Δr=2.0 m)  pixels=4423 bruit=0  6.2 m/px  h=globe
