GX8 (HEAD) contre GX3 (le run du noteur), meme banc banc-gx3-position.mjs
zoom/point             rProd GX3     rProd GX8  ident  hDess GX3  hDess GX8  d hDess m sommetPx GX3 sommetPx GX8
z10 départ           100.0326089   100.0326089   True     1055.3     1055.3        0.0          3.2          3.3
z10 arrivée          100.0325675   100.0325675   True     1053.3     1035.2      -18.1          3.1          0.4
z10 col 1            100.0777262   100.0777262   True     2488.6     2187.7     -300.9          3.3         74.6
z10 col 2            100.0723433   100.0723433   True     2311.6     2169.6     -142.0          1.9           35
z10 col 3            100.0688910   100.0688910   True     2055.7     2055.7        0.0         34.5         36.3
z11 départ           100.0326089   100.0326089   True     1043.1     1043.1        0.0          0.8          0.8
z11 arrivée          100.0325675   100.0325675   True     1041.5     1041.5        0.0          0.7          0.7
z11 col 1            100.0777262   100.0777262   True     2313.1     2313.1        0.0         43.7           42
z11 col 2            100.0723433   100.0723433   True     2201.1     2201.1        0.0         24.4         23.9
z11 col 3            100.0688910   100.0688910   True     2198.7     2097.3     -101.3            1           23
z12 départ           100.0326089   100.0326089   True     1037.8     1037.8        0.0          0.2          0.2
z12 arrivée          100.0325675   100.0325675   True     1036.0     1036.0        0.0          0.2          0.2
z12 col 1            100.0777262   100.0777262   True     2472.1     2472.1        0.0            1          0.9
z12 col 2            100.0723433   100.0723433   True     2262.3     2262.3        0.0         10.4          9.7
z12 col 3            100.0688910   100.0688910   True     2167.9     2167.9        0.0          5.9          5.4
z13 départ           100.0326089   100.0326089   True     1036.8     1036.8        0.0          0.4          0.4
z13 arrivée          100.0325675   100.0325675   True     1035.4     1035.4        0.0          0.4          0.4
z13 col 1            100.0777262   100.0777262   True     2474.0     2474.0        0.0          0.5          0.6
z13 col 2            100.0723433   100.0723433   True     2262.3     2262.3        0.0          9.7         10.6
z13 col 3            100.0688910   100.0688910   True     2192.5     2192.5        0.0          0.5          0.5

rayonProduit identique au bit : 20 / 20
lignes ou la VERITE du banc (hDess) bouge de plus de 1 m : 4 / 20
ecart lat/lon maximal, les deux runs : 0 m
